Cleaning up previous test user...
Testing Registration...
Registration Response: 500 {"error":"Internal server error"}
Registration failed, aborting.
Cleaning up previous test user...
Testing Registration...
Registration Response: 201 {"message":"Verification email sent."}
Registration success!
